[0m00:24:17.378703 [debug] [MainThread]: Sending event: {'category': 'dbt', 'action': 'invocation', 'label': 'start', 'context': [<snowplow_tracker.self_describing_json.SelfDescribingJson object at 0x00000294D2989460>, <snowplow_tracker.self_describing_json.SelfDescribingJson object at 0x00000294D2989850>, <snowplow_tracker.self_describing_json.SelfDescribingJson object at 0x00000294D1B5F4D0>]}


============================== 00:24:17.609826 | 9149cf94-708e-4398-98bc-5be29f87a80c ==============================
[0m00:24:17.609826 [info ] [MainThread]: Running with dbt=1.12.5
[0m00:24:17.612355 [debug] [MainThread]: running dbt with arguments {'maximum_seed_size_mib': '1', 'no_print': 'None', 'version_check': 'True', 'target_path': 'None', 'static_parser': 'True', 'warn_error_options': 'WarnErrorOptionsV2(error=[], warn=[], silence=[])', 'printer_width': '80', 'write_json': 'True', 'empty': 'None', 'log_cache_events': 'False', 'introspect': 'True', 'cache_selected_only': 'False', 'log_format': 'default', 'debug': 'False', 'fail_fast': 'False', 'profiles_dir': 'C:\\Users\\Dell\\.dbt', 'send_anonymous_usage_stats': 'True', 'quiet': 'False', 'warn_error': 'None', 'partial_parse': 'True', 'invocation_command': 'dbt init', 'hints_enabled': 'True', 'indirect_selection': 'eager', 'use_experimental_parser': 'False', 'use_colors': 'True', 'log_path': 'logs'}
[0m00:24:18.020858 [info ] [MainThread]: Creating dbt configuration folder at C:\Users\Dell\.dbt
[0m00:25:54.594642 [debug] [MainThread]: Starter project path: D:\DBT_Tutorial\.venv\Lib\site-packages\dbt\include\starter_project
[0m00:25:54.639633 [info ] [MainThread]: Setting up your profile.
[0m00:26:09.814310 [debug] [MainThread]: Snowflake adapter: Setting snowflake.connector to ERROR (file logging only)
[0m00:26:09.815851 [debug] [MainThread]: Snowflake adapter: Setting botocore to ERROR (file logging only)
[0m00:26:09.817195 [debug] [MainThread]: Snowflake adapter: Setting boto3 to ERROR (file logging only)
[0m00:28:57.686965 [info ] [MainThread]: Profile aws_dbt_snowflake_proj written to C:\Users\Dell\.dbt\profiles.yml using target's profile_template.yml and your supplied values.
[0m00:28:57.767003 [info ] [MainThread]: Running dbt debug to validate the project...
[0m00:28:57.768001 [info ] [MainThread]: dbt version: 1.12.5
[0m00:28:57.768001 [info ] [MainThread]: python version: 3.12.9
[0m00:28:57.769512 [info ] [MainThread]: python path: D:\DBT_Tutorial\.venv\Scripts\python.exe
[0m00:28:57.770522 [info ] [MainThread]: os info: Windows-11-10.0.26200-SP0
[0m00:28:57.896339 [info ] [MainThread]: Using profiles dir at C:\Users\Dell\.dbt
[0m00:28:57.897332 [info ] [MainThread]: Using profiles.yml file at C:\Users\Dell\.dbt\profiles.yml
[0m00:28:57.898336 [info ] [MainThread]: Using dbt_project.yml file at D:\DBT_Tutorial\aws_dbt_snowflake_proj\dbt_project.yml
[0m00:28:57.901384 [info ] [MainThread]: adapter type: snowflake
[0m00:28:57.902386 [info ] [MainThread]: adapter version: 1.12.1
[0m00:28:58.102528 [info ] [MainThread]: Configuration:
[0m00:28:58.102528 [info ] [MainThread]:   profiles.yml file [[32mOK found and valid[0m]
[0m00:28:58.104039 [info ] [MainThread]:   dbt_project.yml file [[32mOK found and valid[0m]
[0m00:28:58.105056 [info ] [MainThread]: Required dependencies:
[0m00:28:58.106056 [debug] [MainThread]: Executing "git --help"
[0m00:28:58.173964 [debug] [MainThread]: STDOUT: "b"usage: git [-v | --version] [-h | --help] [-C <path>] [-c <name>=<value>]\n           [--exec-path[=<path>]] [--html-path] [--man-path] [--info-path]\n           [-p | --paginate | -P | --no-pager] [--no-replace-objects] [--no-lazy-fetch]\n           [--no-optional-locks] [--no-advice] [--bare] [--git-dir=<path>]\n           [--work-tree=<path>] [--namespace=<name>] [--config-env=<name>=<envvar>]\n           <command> [<args>]\n\nThese are common Git commands used in various situations:\n\nstart a working area (see also: git help tutorial)\n   clone      Clone a repository into a new directory\n   init       Create an empty Git repository or reinitialize an existing one\n\nwork on the current change (see also: git help everyday)\n   add        Add file contents to the index\n   mv         Move or rename a file, a directory, or a symlink\n   restore    Restore working tree files\n   rm         Remove files from the working tree and from the index\n\nexamine the history and state (see also: git help revisions)\n   bisect     Use binary search to find the commit that introduced a bug\n   diff       Show changes between commits, commit and working tree, etc\n   grep       Print lines matching a pattern\n   log        Show commit logs\n   show       Show various types of objects\n   status     Show the working tree status\n\ngrow, mark and tweak your common history\n   backfill   Download missing objects in a partial clone\n   branch     List, create, or delete branches\n   commit     Record changes to the repository\n   history    EXPERIMENTAL: Rewrite history\n   merge      Join two or more development histories together\n   rebase     Reapply commits on top of another base tip\n   reset      Set `HEAD` or the index to a known state\n   switch     Switch branches\n   tag        Create, list, delete or verify tags\n\ncollaborate (see also: git help workflows)\n   fetch      Download objects and refs from another repository\n   pull       Fetch from and integrate with another repository or a local branch\n   push       Update remote refs along with associated objects\n\n'git help -a' and 'git help -g' list available subcommands and some\nconcept guides. See 'git help <command>' or 'git help <concept>'\nto read about a specific subcommand or concept.\nSee 'git help git' for an overview of the system.\n""
[0m00:28:58.174965 [debug] [MainThread]: STDERR: "b''"
[0m00:28:58.175967 [info ] [MainThread]:  - git [[32mOK found[0m]

[0m00:28:58.176973 [info ] [MainThread]: Connection:
[0m00:28:58.180517 [info ] [MainThread]:   account: ESUELRX-WH18308
[0m00:28:58.181895 [info ] [MainThread]:   user: Sam
[0m00:28:58.182913 [info ] [MainThread]:   database: AIRBNB
[0m00:28:58.183912 [info ] [MainThread]:   warehouse: COMPUTE_WH
[0m00:28:58.183912 [info ] [MainThread]:   role: ACCOUNTADMIN
[0m00:28:58.184963 [info ] [MainThread]:   schema: dbt_schema
[0m00:28:58.185963 [info ] [MainThread]:   authenticator: None
[0m00:28:58.187958 [info ] [MainThread]:   oauth_client_id: None
[0m00:28:58.189472 [info ] [MainThread]:   query_tag: None
[0m00:28:58.190487 [info ] [MainThread]:   client_session_keep_alive: False
[0m00:28:58.191005 [info ] [MainThread]:   host: None
[0m00:28:58.192820 [info ] [MainThread]:   port: None
[0m00:28:58.192820 [info ] [MainThread]:   proxy_host: None
[0m00:28:58.194339 [info ] [MainThread]:   proxy_port: None
[0m00:28:58.195351 [info ] [MainThread]:   protocol: None
[0m00:28:58.196355 [info ] [MainThread]:   connect_retries: 1
[0m00:28:58.197354 [info ] [MainThread]:   connect_timeout: None
[0m00:28:58.198356 [info ] [MainThread]:   retry_on_database_errors: False
[0m00:28:58.198356 [info ] [MainThread]:   retry_all: False
[0m00:28:58.198356 [info ] [MainThread]:   insecure_mode: False
[0m00:28:58.199864 [info ] [MainThread]:   reuse_connections: True
[0m00:28:58.200394 [info ] [MainThread]:   s3_stage_vpce_dns_name: None
[0m00:28:58.201343 [info ] [MainThread]:   workload_identity_provider: None
[0m00:28:58.202357 [info ] [MainThread]:   workload_identity_entra_resource: None
[0m00:28:58.203356 [info ] [MainThread]:   platform_detection_timeout_seconds: 0.0
[0m00:28:58.210049 [info ] [MainThread]: Registered adapter: snowflake=1.12.1
[0m00:28:58.752032 [debug] [MainThread]: Acquiring new snowflake connection 'debug'
[0m00:28:58.775568 [debug] [MainThread]: Using snowflake connection "debug"
[0m00:28:58.776568 [debug] [MainThread]: On debug: select 1 as id
[0m00:28:58.777563 [debug] [MainThread]: Opening a new connection, currently in state init
[0m00:29:01.897903 [debug] [MainThread]: SQL status: SUCCESS 1 in 3.121 seconds
[0m00:29:01.900599 [info ] [MainThread]:   Connection test: [[32mOK connection ok[0m]

[0m00:29:01.900599 [info ] [MainThread]: [32mAll checks passed![0m
[0m00:29:01.900599 [info ] [MainThread]: Your new dbt project "aws_dbt_snowflake_proj" was created!
Initialized new project in D:\DBT_Tutorial\aws_dbt_snowflake_proj\aws_dbt_snowflake_proj

For more information on how to configure the profiles.yml file,
please consult the dbt documentation here:

  https://docs.getdbt.com/docs/configure-your-profile

One more thing:

Need help? Don't hesitate to reach out to us via GitHub issues or on Slack:

  https://community.getdbt.com/

Happy modeling!

[0m00:29:01.900599 [debug] [MainThread]: Command `dbt init` succeeded at 00:29:01.900599 after 284.90 seconds
[0m00:29:01.900599 [debug] [MainThread]: Connection 'debug' was left open.
[0m00:29:01.909348 [debug] [MainThread]: On debug: Close
[0m00:29:02.145748 [debug] [MainThread]: Sending event: {'category': 'dbt', 'action': 'invocation', 'label': 'end', 'context': [<snowplow_tracker.self_describing_json.SelfDescribingJson object at 0x00000294D289E780>, <snowplow_tracker.self_describing_json.SelfDescribingJson object at 0x00000294D6E9ADE0>, <snowplow_tracker.self_describing_json.SelfDescribingJson object at 0x00000294D1F0C3E0>]}
[0m00:29:02.146748 [debug] [MainThread]: Flushing usage events
[0m00:29:05.162233 [debug] [MainThread]: An error was encountered while trying to flush usage events
